[    0.00000] Linu vrsion 4.150-0-geneic(buiddcy01-amd6013)(gccersin .3.0 (Ubuntu 7.3.0-16ubunt3)#54-Ubutu SP Mon May  1:46:08 UTC 2019 (Ubuntu 4.15.0-50.54-generic 4.15.18)
[    0.000000] Command line: BOOT_IMAGE=/boot/vmlinuz-4.15.0-50-generic root=UUID=6d1c383c-39d5-4f00-a7aa-122d162d6429 ro console=tty1 console=ttyS0
[    0.000000] KERNEL supported cpus:
[    0.000000]   Intel GenuineIntel
[    0.000000]   AMD AuthenticAMD
[    0.000000]   Centaur CentaurHauls
[    0.000000] x86/fpu: Supporting XSAVE feature 0x001: 'x87 floating point registers'
[    0.000000] x86/fpu: Supporting XSAVE feature 0x002: 'SSE registers'
[    0.000000] x86/fpu: Supporting XSAVE feature 0x004: 'AVX registers'
[    0.000000] x86/fpu: xstate_offset[2]:  576, xstate_sizes[2]:  256
[    0.000000] x86/fpu: Enabled xstate features 0x7, context size is 832 bytes, using 'standard' format.
[    0.000000] e820: BIOS-provided physical RAM map:
[    0.000000] BIOSS-e820: [mem 0x0000000000000000-0x000000000009fbff] usable
[    0.000000] BIOS-e820: [mem 0x000000000009fc00-0x000000000009ffff] reserved
[    0.000000] BIOS-e820: [mem 0x00000000000f0000-0x00000000000fffff] reserved
[    0.000000] BIOS-e820: [mem 0x0000000000100000-0x000000003ffeffff] usable
[    0.000000] BIOS-e820: [mem 0x000000003fff0000-0x000000003fffffff] ACPI data
[    0.000000] BIOS-e820: [mem 0x00000000fec00000-0x00000000fec00fff] reserved
[    0.000000] BIOS-e820: [mem 0x00000000fee00000-0x00000000fee00fff] reserved
[    0.000000] BIOS-e820: [mem 0x00000000fffc0000-0x00000000ffffffff] reserved
[    0.000000] NX (Execute Disable) protection: active
[    0.000000] SMBIOS .5 prset.
[   0.00000] DMI: innotk GmbH VrtalBox/VirualBox, BIOS ViralBox 12/01/2006
    0.000000] Hypervisor detected: KVM
[    0.000000] e820: last_pfn = 0x3fff0 max_arch_pfn = 0x400000000
[    0.000000] MTRR: Disabled
[    0.000000] x86/PAT: MTRRs disabled, skipping PAT initialization too.
[    0.000000] CPU MTRRs all blank - virtualized syste.
[    0.000000] x86/PAT: Configuration [0-7]: WB  WT  UC- UC  WB  WT  UC- UC  
[    0.000000] found SMP MP-table at [mem 0x0009fff0-0x0009ffff] mapped at [         (ptrval)]
[    0.000000] Scanning 1 areas for low memory corruption
[    0.000000] RAMDISK: [mem 0x359d3000-0x36ce0fff]
[    0.000000] ACPI: Early table checksum verification disabled
[    0.000000] ACPI: RSDP 0x00000000000E0000 000024 (v02 VBOX  )
[    0.000000] ACPI: XSDT 0x000000003FFF0030 00003C (v01 VBOX   VBOXXSDT 00000001 ASL  00000061)
[    0.000000] ACPI: FACP 0x000000003FFF00F0 0000F4 (v04 VBOX   VBOXFACP 00000001 ASL  00000061)
[    0.000000] ACPI: DSDT 0x000000003FFF0470 0021FF (v02 VBOX   VBOXBIOS 00000002 INTL 20100528)
[    0.000000] ACPI: FACS 0x000000003FFF0200 000040
[    0.000000] ACPI: FACS 0x000000003FFF0200 000040
[    0.000000] ACPI: APIC 0x000000003FFF0240 00005C (v02BOX   VBAPC 00001 ASL  00061)
[    0.000000]ACPI ST 0x0000003FFF02A0 0001CC (v01 BOX   VBOXUT 00000002 NT 2010028
[    000000]NoNUMAconfiguatn found    .0000] Fkig a nodeat[mem 0000000000000000-0x00000003ffeffff]
[    0.000000] NODE_DATA(0) allocated [mem 0x3ffc5000-0x3ffeffff]
[    0.000000] kvm-clock: cpu 0, msr 0:3ff44001, primary cpu clock
[    0.000000] kvm-clock: Using msrs 4b564d01 and 4b564d00
[    0.000000] kvm-clock: using sched offset of 4484886232 cycles
[    0.000000] clocksource: kvm-clock: mask: 0xffffffffffffffff max_cycles: 0x1cd42e4dffb, max_idle_ns: 881590591483 ns
[    0.000000] Zone ranges:
[    0.000000]   DMA      [mem 0x0000000000001000-0x0000000000ffffff]
[    0.000000]   DMA32    [mem 0x0000000001000000-0x000000003ffeffff]
[    0.000000]   Normal   empty
[    0.000000]   Device   empty
[    0.000000] Movable zone start for each node
[    0.000000] Early memory node ranges
[    0.000000]   node   0: [mem 0x0000000000001000-0x000000000009efff]
[    0.000000]   node   0: [mem 0x0000000000100000-0x000000003ffeffff]
[    0.000000] Reserved but unavailable: 114 pages
[    0.000000] Initmem setup node 0 [mem 0x0000000000001000-0x000000003ffeffff]
[    0.000000] ACPI: PM-Timer IO Port: 0x4008
[    0.000000] IOAPIC[0]: apic_id 2, version 32, address 0xfec00000, GSI 0-23
[    0.000000] ACPI: INT_SRC_OVR (bus 0 bus_irq 0 global_irq 2 dfl dfl)
[    0.000000] ACPI: INT_SRC_OVR (bus 0 bus_irq 9 global_irq 9 low level)
[    0.000000] Using ACPI (MADT) for SMP configuration information
[    0.000000] smpboot: Allowing 2 CPUs, 0 hotplug CPUs
[    0.000000] PM: Registered nosave memory: [mem 0x00000000-0x00000fff]
[    0.000000] PM: Registered nosave memory: [mem 0x0009f000-0x0009ffff]
[    0.000000] PM: Registered nosave memory: [mem 0x000a0000-0x000effff]
[    0..000000] PM: Registered nosave memory: [mem 0x000f0000-0x000fffff]
[    0.000000] e820: [mem 0x40000000-0xfebfffff] available for PCI devices
[    0.000000] Booting paravirtualized kernel on KVM
[    0.000000] clockouce: rfid-jiie: mask 0ffffffff max_cycls: 0ffffff, max_idle_ns:645596211568 ns
[    .00000 random: ge_rdom_yt cald rom tat_ernel+x9/0x4fd with nginit=0[    00000] setuppecpu: NR_CPUS:8192 nr_cpumask_bits:2 nr_cpu_ids:2 nr_node_ids:1
[    0.000000] percpu: Embedded 46ages/cpu @        (ptrval) s151552 r8192 d28672 u1048576
[    0.000000] PV qspinlock hash table entries: 256 (order: 0, 4096 bytes)
[    0.000000] Built 1 zonelists, mobility grouping on.  Total pages: 257913
[    0.000000] Policy zone: DMA32
[    0.000000] Kernel command line: BOOT_IMAGE=/boot/vmlinuz-4.15.0-50-generic root=UUID=6d1c383c-39d5-4f00-a7aa-122d162d6429 ro console=tty1 console=ttyS0
[    0.000000] Memory: 983064K/1048120K valable 120K kerelcoe, 247K wdta, 4276K rodata, 2412Kinit 241K s, 6506Kreserv, K cma-resved)
  0.0000 SLUB: Halgn=64,Orer=0-3, Minject=0, CPU=2 Nods=
[    0.0000] Krn/UUserpae tables isotion: enabled
[    0.000000] ftrac: llocatg 9233 etries in 14 ges[   0.00400Hierrccal CUimlementtin.
   0.00400 	RCU esrictngCPUs from R_US=892tonr_c_is=2.
[   0004000] 	Tasks RCU enabled.
[    0.004000] RCU: Adjusting geometry for rcu_fanout_leaf=16, nr_cpu_ids=2
[    0.004000] NR_IRQS: 524544, nr_irqs: 440, preallocated irqs: 16
[    0.004000] Console: colour VGA+ 80x25
[   0.00400] console [tty1] enabled
[    0.004000] console [ttyS0] enabled
[    0.004000] ACPI: Core revision20170831
[    0.004000] ACPI: 2 ACPI AML tables successfully acquired and loaded
[    0.004000] APIC: Switch to symmetric I/O mode setup
[    0.004000] x2apic enabled
[    0.004000] Switched APIC routing to physical x2apic.
[    0.004000] ..TIMER: vector=0x30 apic1=0 pin1=2 apic2=-1 pin2=-1
[    0.004005] tsc: Detected 2304.000 MHz processor
[    0.005395] Calibrating delay loop (skipped) preset value.. 4608.00 BogoMIPS (lpj=9216000)
[    0.008003] pid_max: default: 32768 minimum: 301
[    0.009279] Security Framework initialized
[    0.012003] Yama: becoming mindful.
[    0.013111] AppArmor: AppArmor initialized
[    0.016070] Dentry cache hash table entries: 131072 (order: 8, 1048576 bytes)
[    0.017974] Inode-cache hash table entries: 65536 (order: 7, 524288 bytes)
[    0.020018] Mount-cache hash table entries: 2048 (order: 2, 16384 bytes)
[    0.024019] Mountpoint-cache hash table entries: 2048 (order: 2, 16384 bytes)
[    0.028227] mce: CPU supports 0 MCE banks
[    0.032021] Last level iTLB entries: 4KB 64, 2MB 8, 4MB 8
[    0.036007] Last level dTLB entries: 4KB 64, 2MB 0, 4MB 0, 1GB 4
[    0.040009] Spectre V2 : Mitigation: Full generic retpoline
[    0.044007] Spectre V2 : Spectre v2 / SpectreRSB mitigation: Filling RSB on context switch
[    0.048006] Speculative Store Bypass: Vulnerable
[    0.052047] MDS: Vulnerable: Clear CPU buffers attempted, no microcode
[    0.056154] Freeing SMP alternatives memory: 36K
[    0.064000] smpboot: CPU0: Intel(R) Core(TM) i5-8259U CPU @ 2.30GHz (family: 0x6, model: 0x8e, stepping: 0xa)
[    0.064151] Performance Events: unsupported p6 CPU model 142 no PMU driver, software events only.
[    0.068043] Hierarchical SRCU implementation.
[    0.072261] NMI watchdog: Perf event create on CPU 0 failed with -2
[    0.073951] NMI watchdog: Perf NMI watchdog permanently disabled
[    0.075611] smp: Bringing up secondary CPUs ...
[    0.076073] x86: Booting SMP configuration:
[    0.077415] .... node  #0, CPUs:      #1
[    0.004000] kvm-clock: cpu 1, msr 0:3ff44041, secondary cpu clock
[    0.004000] mce: CPU supports 0 MCE banks
[    0.084060] smp: Brought up 1 node, 2 CPUs
[    0.085358] smpboot: Max logical packages: 1
[    0.088006] smpboot: Total of 2 processors activated (9216.00 BogoMIPS)
[    0.089844] devtmpfs: initialized
[    0.092068] x86/mm: Memory block size: 128MB
[    0.093617] evm: security.selinux
[    0.094581] evm: security.SMACK64
[    0.096025] evm: security.SMACK64EXEC
[    0.097192] evm: security.SMACK64TRANSMUTE
[    0.098540] evm: security.SMACK64MMAP
[    0.100003] evm: security.apparmor
[    0.100933] evm: security.ima
[    0.101776] evm: security.capability
[    0.102889] clocksource: jiffies: mask: 0xffffffff max_cycles: 0xffffffff, max_idle_ns: 7645041785100000 ns
[    0.104012] futex hash table entries: 512 (order: 3, 32768 bytes)
[    0.105942] pinctrl core: initialized pinctrl subsystem
[    0.109972] RTC time: 22:44:23, date: 06/02/19
[    0.112351] NET: Registered protocol family 16
[    0.113504] audit: initializing netlink subsys (disabled)
[    0.114849] audit: type=2000 audit(1559515462.772:1): state=initialized audit_enabled=0 res=1
[    0.116011] cpuidle: using governor ladder
[    0.117161] cpuidle: using governor menu
[    0.118128] ACPI: bus type PCI registered
[    0.120009] acpiphp: ACPI Hot Plug PCI Controller Driver version: 0.5
[    0.124150] PCI: Using configuration type 1 for base access
[    0.132041] HugeTLB registered 2.00 MiB page size, pre-allocated 0 pages
[    0.140069] ACPI: Added _OSI(Module Device)
[    0.144009] ACPI: Added _OSI(Processor Device)
[    0.148007] ACPI: Added _OSI(3.0 _SCP Extensions)
[    0.152024] ACPI: Added _OSI(Processor Aggregator Device)
[    0.156008] ACPI: Added _OSI(Linux-Dell-Video)
[    0.160008] ACPI: Added _OSI(Linux-Lenovo-NV-HDMI-Audio)
[    0.164010] ACPI: Added _OSI(Linux-HPI-Hybrid-Graphics)
[    0.172341] ACPI: Executed 1 blocks of module-level executable AML code
[    0.181190] ACPI: Interpreter enabled
[    0.184026] ACPI: (supports S0 S5)
[    0.188008] ACPI: Using IOAPIC for interrupt routing
[    0.192219] PCI: Using host bridge windows from ACPI; if necessary, use "pci=nocrs" and report a bug
[    0.196256] ACPI: Enabled 2 GPEs in block 00 to 07
[    0.207090] ACPI: PCI Root Bridge [PCI0] (domain 0000 [bus 00-ff])
[    0.208008] acpi PNP0A03:00: _OSC: OS supports [ASPM ClockPM Segments MSI]
[    0.209982] acpi PNP0A03:00: _OSC: not requesting OS control; OS requires [ExtendedConfig ASPM ClockPM MSI]
[    0.212017] acpi PNP0A03:00: fail to add MMCONFIG information, can't access extended PCI configuration space under this bridge.
[    0.216529] PCI host bridge to bus 0000:00
[    0.217744] pci_bus 0000:00: root bus resource [io  0x0000-0x0cf7 window]
[    0.220004] pci_bus 0000:00: root bus resource [io  0x0d00-0xffff window]
[    0.224006] pci_bus 0000:00: root bus resource [mem 0x000a0000-0x000bffff window]
[    0.226561] pci_bus 0000:00: root bus resource [mem 0x40000000-0xfdffffff window]
[    0.228008] pci_bus 0000:00: root bus resource [bus 00-ff]
[    0.235831] pci 0000:00:01.1: legacy IDE quirk: reg 0x10: [io  0x01f0-0x01f7]
[    0.236009] pci 0000:00:01.1: legacy IDE quirk: reg 0x14: [io  0x03f6]
[    0.240006] pci 0000:00:01.1: legacy IDE quirk: reg 0x18: [io  0x0170-0x0177]
[    0.243254] pci 0000:00:01.1: legacy IDE quirk: reg 0x1c: [io  0x0376]
[    0.263514] pci 0000:00:07.0: quirk: [io  0x4000-0x403f] claimed by PIIX4 ACPI
[    0.264038] pci 0000:00:07.0: quirk: [io  0x4100-0x410f] claimed by PIIX4 SMB
[    0.284432] ACPI: PCI Interrupt Link [LNKA] (IRQs 5 9 10 *11)
[    0.288340] ACPI: PCI Interrupt Link [LNKB] (IRQs 5 9 *10 11)
[    0.292176] ACPI: PCI Interrupt Link [LNKC] (IRQs 5 *9 10 11)
[    0.296175] ACPI: PCI Interrupt Link [LNKD] (IRQs 5 9 10 *11)
[    0.300417] SCSI subsystem initialized
[    0.301400] pci 0000:00:02.0: vgaarb: setting as boot VGA device
[    0.304000] pci 0000:00:02.0: vgaarb: VGA device added: decodes=io+mem,owns=io+mem,locks=none
[    0.304013] pci 0000:00:02.0: vgaarb: bridge control possible
[    0.308008] vgaarb: loaded
[    0.312059] ACPI: bus type USB registered
[    0.316049] usbcore: registered new interface driver usbfs
[    0.320031] usbcore: registered new interface driver hub
[    0.324081] usbcore: registered new device driver usb
[    0.328183] EDAC MC: Ver: 3.0.0
[    0.329545] PCI: Using ACPI for IRQ routing
[    0.332470] NetLabel: Initializing
[    0.333525] NetLabel:  domain hash size = 128
[    0.334892] NetLabel:  protocols = UNLABELED CIPSOv4 CALIPSO
[    0.336024] NetLabel:  unlabeled traffic allowed by default
[    0.337507] clocksource: Switched to clocksource kvm-clock
[    0.351345] VFS: is qot duo6.0[  0907]FSDqt-chha tleentrie: 51 (der  46 te
  1.365823] AppArmor: AppArmor Filesystem Enabled
[    1.437758] pnp: PnP ACPI init
[    1.440279] pnp: PnP ACPI: found 3 devices

[    1.453789] clocksource: acpi_pm: mask: 0xffffff max_cycles: 0xffffff, max_idle_ns: 2085701024 ns
[    1.456644] NET: Registered protocol family 2
[    1.460925] TCP established hash table entries: 8192 (order: 4, 65536 bytes)
[    1.462669] TCP bind hash table entries: 8192 (order: 5, 131072 bytes)
[    1.464212] TCP: Hash tables configured (established 8192 bind 8192)
[    1.465770] UDP hash table entries: 512 (order: 2, 16384 bytes)
[    1.467181] UDP-Lite hash table entries: 512 (order: 2, 16384 bytes)
[    1.468732] NET: Registered protocol family 1
[    1.469800] pci 0000:00:00.0: Limiting direct PCI/PCI transfers
[    1.471242] pci 0000:00:01.0: Activating ISA DMA hang workarounds
[  17267pc000::00:Vieoevcewi shadowed ROM at [mem 0x000c00-0x00dff]
[    2.15246] Unpacking initramfs...

[    2.420545] Freeing initrd memory: 19512K
[    2.496760] clocksource: tsc: mask: 0xffffffffffffffff max_cycles: 0x2135f7c97c8, max_idle_ns: 440795273205 ns
[    2.514631] platform rtc_cmos: registered platform RTC device (no PNP device found)
[    2.516983] Scanning for low memory corruption every 60 seconds
[    2.519867] Initialise system trusted keyrings
[    2.521495] Key type blacklist registered
[    2.522889] workingset: timestamp_bits=36 max_order=18 bucket_order=0
[    2.526540] zbud: loaded
[    2.527943] squashfs: version 4.0 (2009/01/31) Phillip Lougher
[    2.529906] fuse init (API version 7.26)
[    2.535295] Key type asymmetric registered
[    2.536853] Asymmetric key parser 'x509' registered
[    2.538597] Block layer SCSI generic (bsg) driver version 0.4 loaded (major 246)
[    2.541461] io scheduler noop registered
[    2.542715] io scheduler deadline registered
[    2.544177] io scheduler cfq registered (default)
[    2.546530] ACPI: AC Adapter [AC] (off-line)
[    2.548271] input: Power Button as /devices/LNXSYSTM:00/LNXPWRBN:00/input/input0
[    2.550806] ACPI: Power Button [PWRF]
[    2.552336] input: Sleep Button as /devices/LNXSYSTM:00/LNXSLPBN:00/input/input1
[    2.554661] ACPI: Sleep Button [SLPF]
[    2.557882] ACPI: Battery Slot [BAT0] (battery present)
[    2.559840] Serial: 8250/16550 driver, 32 ports, IRQ sharing enabled
[    2.587219] 00:02: ttyS0 at I/O 0x3f8 (irq = 4, base_baud = 115200) is a 16550A
[    2.688088] Linux agpgart interface v0.103
[    2.694111] loop: module loaded
[    2.695734] scsi host0: ata_piix
[    2.697088] scsi host1: ata_piix
[    2.698217] ata1: PATA max UDMA/33 cmd 0x1f0 ctl 0x3f6 bmdma 0xd000 irq 14
[    2.699902] ata2: PATA max UDMA/33 cmd 0x170 ctl 0x376 bmdma 0xd008 irq 15
[    2.702091] libphy: Fixed MDIO Bus: probed
[    2.703191] tun: Universal TUN/TAP device driver, 1.6
[    2.704878] PPP generic driver version 2.4.2
[    2.706293] ehci_hcd: USB 2.0 'Enhanced' Host Controller (EHCI) Driver
[    2.708315] ehci-pci: EHCI PCI platform driver
[    2.709510] ehci-platform: EHCI generic platform driver
[    2.710947] ohci_hcd: USB 1.1 'Open' Host Controller (OHCI) Driver
[    2.712721] ohci-pci: OHCI PCI platform driver
[    2.714054] ohci-platform: OHCI generic platform driver
[    2.715521] uhci_hcd: USB Universal Host Controller Interface driver
[    2.717354] i8042: PNP: PS/2 Controller [PNP0303:PS2K,PNP0f03:PS2M] at 0x60,0x64 irq 1,12
[    2.719917] serio: i8042 KBD port at 0x60,0x64 irq 1
[    2.721962] serio: i8042 AUX port at 0x60,0x64 irq 12
[    2.723644] mousedev: PS/2 mouse device common for all mice
[    2.726645] input: AT Translated Set 2 keyboard as /devices/platform/i8042/serio0/input/input2
[    2.729388] rtc_cmos rtc_cmos: rtc core: registered rtc_cmos as rtc0
[    2.731425] rtc_cmos rtc_cmos: alarms up to one day, 114 bytes nvram
[    2.733069] i2c /dev entries driver
[    2.733936] pcie_mp2_amd: AMD(R) PCI-E MP2 Communication Driver Version: 1.0
[    2.735797] device-mapper: uevent: version 1.0.3
[    2.737135] device-mapper: ioctl: 4.37.0-ioctl (2017-09-20) initialised: dm-devel@redhat.com
[    2.739225] ledtrig-cpu: registered to indicate activity on CPUs
[    2.746924] NET: Registered protocol family 10
[    2.756671] Segment Routing with IPv6
[    2.765325] NET: Registered protocol family 17
[    2.782714] Key type dns_resolver registered
[    2.784169] RAS: Correctable Errors collector initialized.
[    2.791984] sched_clock: Marking stable (2791904422, 0)->(11170736776, -8378832354)
[    2.803740] registered taskstats version 1
[    2.805267] Loading compiled-in X.509 certificates
[    2.810207] Loaded X.509 cert 'Build time autogenerated kernel key: 0d5cb4b7de8533fd8e7240d711ae9d354ea3dca1'
[    2.817400] zswap: loaded using pool lzo/zbud
[    2.823456] Key type big_key registered
[    2.824978] Key type trusted registered
[    2.829672] Key type encrypted registered
[    2.831454] AppArmor: AppArmor sha1 policy hashing enabled
[    2.838819] ima: No TPM chip found, activating TPM-bypass! (rc=-19)
[    2.841146] ima: Allocated hash algorithm: sha1
[    2.845082] evm: HMAC attrs: 0x1
[    2.846643]   Magic number: 7:169:754
[    2.847798] tty ttyS5: hash matches
[    2.853386] rtc_cmos rtc_cmos: setting system clock to 2019-06-02 22:44:27 UTC (1559515467)
[    2.861534] BIOS EDD facility v0.16 2004-Jun-25, 0 devices found
[    2.863474] EDD information not available.
[    2.867477] Freeing unused kernel image memory: 2412K
[    2.889487] Write protecting the kernel read-only data: 20480k
[    4.128241] Freeing unused kernel image memory: 2008K
[    4.217128] Freeing unused kernel image memory: 1868K
[    4.289668] x86/mm: Checked W+X mappings: passed, no W+X pages found.
[    4.389247] x86/mm: Checking user space page tables
[    4.477196] x86/mm: Checked W+X mappings: passed, no W+X pages found.
Loading, please wait...
starting version 237
[    4.619584] e1000: Intel(R) PRO/1000 Network Driver - version 7.3.21-k8-NAPI
[    4.703913] e1000: Copyright (c) 1999-2006 Intel Corporation.
[    4.737809] AVX2 version of gcm_enc/dec engaged.
[    4.738225] Fusion MPT base driver 3.04.20
[    4.738226] Copyright (c) 1999-2008 LSI Corporation
[    4.743085] AES CTR mode by8 optimization enabled
[    4.748244] Fusion MPT SPI Host driver 3.04.20
[    4.937335] input: ImExPS/2 Generic Explorer Mouse as /devices/platform/i8042/serio1/input/input4
[    5.146915] e1000 0000:00:03.0 eth0: (PCI:33MHz:32-bit) 02:2f:73:ea:27:92
[    5.370893] e1000 0000:00:03.0 eth0: Intel(R) PRO/1000 Network Connection
[    5.592513] mptbase: ioc0: Initiating bringup
[    5.796178] ioc0: LSI53C1030 A0: Capabilities={Initiator}
[    6.053019] scsi host2: ioc0: LSI53C1030 A0, FwRev=00000000h, Ports=1, MaxQ=256, IRQ=20
[    6.224772] scsi 2:0:0:0: Direct-Access     VBOX     HARDDISK         1.0  PQ: 0 ANSI: 5
[    6.588106] scsi target2:0:0: Beginning Domain Validation
[    6.633707] scsi target2:0:0: Domain Validation skipping write tests
[    6.635237] scsi target2:0:0: Ending Domain Validation
[    6.636568] scsi target2:0:0: asynchronous
[    6.637913] scsi 2:0:1:0: Direct-Access     VBOX     HARDDISK         1.0  PQ: 0 ANSI: 5
[    6.840044] scsi target2:0:1: Beginning Domain Validation
[    6.870533] e1000 0000:00:08.0 eth1: (PCI:33MHz:32-bit) 08:00:27:af:f0:b5
[    6.870537] e1000 0000:00:08.0 eth1: Intel(R) PRO/1000 Network Connection
[    6.899785] e1000 0000:00:03.0 enp0s3: renamed from eth0
[    6.906192] random: fast init done
[    6.907967] scsi target2:0:1: Domain Validation skipping write tests
[    6.909790] scsi target2:0:1: Ending Domain Validation
[    6.911441] scsi target2:0:1: asynchronous
[    6.917981] random: systemd-udevd: uninitialized urandom read (16 bytes read)
[    6.920613] random: systemd-udevd: uninitialized urandom read (16 bytes read)
[    6.920631] random: systemd-udevd: uninitialized urandom read (16 bytes read)
[    6.920751] e1000 0000:00:08.0 enp0s8: renamed from eth1
[    6.923014] sd 2:0:0:0: Attached scsi generic sg0 type 0
[    6.923247] sd 2:0:1:0: Attached scsi generic sg1 type 0
[    6.930407] sd 2:0:0:0: [sda] 20971520 512-byte logical blocks: (10.7 GB/10.0 GiB)
[    6.933704] sd 2:0:1:0: [sdb] 20480 512-byte logical blocks: (10.5 MB/10.0 MiB)
[    6.936287] sd 2:0:1:0: [sdb] Write Protect is off
[    6.937705] sd 2:0:0:0: [sda] Write Protect is off
[    6.939713] sd 2:0:1:0: [sdb] Incomplete mode parameter data
[    6.941560] sd 2:0:1:0: [sdb] Assuming drive cache: write through
[    6.943433] sd 2:0:0:0: [sda] Incomplete mode parameter data
[    6.945260] sd 2:0:0:0: [sda] Assuming drive cache: write through
[    6.950307]  sda: sda1
[    6.951775] sd 2:0:1:0: [sdb] Attached SCSI disk
[    6.953274] sd 2:0:0:0: [sda] Attached SCSI disk
Begin: Loading essential drivers ... [    8.340131] raid6: sse2x1   gen() 12446 MB/s
[    8.476902] raid6: sse2x1   xor()  9205 MB/s
[    8.564034] raid6: sse2x2   gen() 15213 MB/s
[    8.715641] raid6: sse2x2   xor() 10749 MB/s
[    8.852151] raid6: sse2x4   gen() 17190 MB/s
[    9.021669] raid6: sse2x4   xor() 11410 MB/s
[    9.136119] raid6: avx2x1   gen() 22272 MB/s
[    9.184577] raid6: avx2x1   xor() 16705 MB/s
[    9.248607] raid6: avx2x2   gen() 31061 MB/s
[    9.348772] raid6: avx2x2   xor() 21086 MB/s
[    9.476395] raid6: avx2x4   gen() 34132 MB/s
[    9.640457] raid6: avx2x4   xor() 19279 MB/s
[    9.708623] raid6: using algorithm avx2x4 gen() 34132 MB/s
[    9.831949] raid6: .... xor() 19279 MB/s, rmw enabled
[    9.968122] raid6: using avx2x2 recovery algorithm
[   10.074923] xor: automatically using best checksumming function   avx       
[   10.183096] async_tx: api initialized (async)
done.
Begin: Running /scripts/init-premount ... done.
Begin: Mounting root file system ... Begin: Running /scripts/local-top ... done.
Begin: Running /scripts/local-premount ... [   10.234268] Btrfs loaded, crc32c=crc32c-intel
Scanning for Btrfs filesystems
done.
Warning: fsck not present, so skipping root file system
[   10.264113] EXT4-fs (sda1): mounted filesystem with ordered data mode. Opts: (null)
done.
Begin: Running /scripts/local-bottom ... done.
Begin: Running /scripts/init-bottom ... done.
[   10.453222] ip_tables: (C) 2000-2006 Netfilter Core Team
[   10.462234] systemd[1]: systemd 237 running in system mode. (+PAM +AUDIT +SELINUX +IMA +APPARMOR +SMACK +SYSVINIT +UTMP +LIBCRYPTSETUP +GCRYPT +GNUTLS +ACL +XZ +LZ4 +SECCOMP +BLKID +ELFUTILS +KMOD -IDN2 +IDN -PCRE2 default-hierarchy=hybrid)
[   10.467265] systemd[1]: Detected virtualization oracle.
[   10.468566] systemd[1]: Detected architecture x86-64.

Welcome to [1mUbuntu 18.04.1 LTS[0m!

[   10.504888] systemd[1]: Set hostname to <ubuntu-bionic>.
[   11.790545] systemd[1]: Reached target Swap.
[[0;32m  OK  [0m] Reached target Swap.
[   11.795005] systemd[1]: Created slice User and Session Slice.
[[0;32m  OK  [0m] Created slice User and Session Slice.
[   11.799084] systemd[1]: Set up automount Arbitrary Executable File Formats File System Automount Point.
[[0;32m  OK  [0m] Set up automount Arbitrary Executabâ€¦rmats File System Automount Point.
[   11.803184] systemd[1]: Reached target System Time Synchronized.
[[0;32m  OK  [0m] Reached target System Time Synchronized.
[   12.038804] systemd[1]: Started Forward Password Requests to Wall Directory Watch.
[[0;32m  OK  [0m] Started Forward Password Requests to Wall Directory Watch.
[   13.172603] systemd[1]: Created slice System Slice.
[[0;32m  OK  [0m] Created slice System Slice.
[[0;32m  OK  [0m] Listening on udev Control Socket.
[[0;32m  OK  [0m] Listening on LVM2 metadata daemon socket.
[[0;32m  OK  [0m] Listening on Device-mapper event daemon FIFOs.
[[0;32m  OK  [0m] Listening on Syslog Socket.
[[0;32m  OK  [0m] Listening on Network Service Netlink Socket.
[[0;32m  OK  [0m] Listening on Journal Audit Socket.
[[0;32m  OK  [0m] Created slice system-serial\x2dgetty.slice.
[[0;32m  OK  [0m] Listening on Journal Socket.
         Starting Create list of required stâ€¦ce nodes for the current kernel...
         Starting Uncomplicated firewall...
         Mounting Huge Pages File System...
         Starting Monitoring of LVM2 mirrorsâ€¦ng dmeventd or progress polling...
         Starting Load Kernel Modules...
[[0;32m  OK  [0m] Listening on Journal Socket (/dev/log).
         Mounting Kernel Debug File System...
[[0;32m  OK  [0m] Reached target Slices.
         Starting Journal Service...
         Starting Set the consol[   14.478934] Loading iSCSI transport class v2.0-870.
e keyboard layout...
[[0;32m  OK  [0m] Reached target User and Group Name Lookups.
         Starting Remount Root and Kernel File Systems...
[[0;32m  OK  [0m] Listening on /dev/initctl Compatibility Named Pipe.
[[0;32m  OK  [0m] Listening on LVM2 poll daemon socket.
         Mounting POSIX Message Queue File System...
[[0;32m  OK  [0m] Listening on udev Kernel Socket.
         Starting udev Coldplug all Devices...
[[0;32m  OK  [0m] Started Create list of required staâ€¦vice nodes for the current kernel.
[[0;32m  OK  [0m] Started Uncomplicated firewall.
[[0;32m  OK  [0m] Mounted Huge Pages File System.
[[0;32m  OK  [0m] Mounted Kernel Debug File System.
[[0;32m  OK  [0m] Mounted POSIX Message Queue File System.
[[0;32m  OK  [0m] Started LVM2 metadata daemon.
         Starting Create Static Device Nodes in /dev...
[[0;32m  OK  [0m] Started Journal Service.
[   14.647533] EXT4-fs (sda1): re-mounted. Opts: (null)
[   14.743882] iscsi: registered transport (tcp)
[[0;32m  OK  [0m] Started Create Static Device Nodes in /dev.
[[0;32m  OK  [0m] Started Monitoring of LVM2 mirrors,â€¦sing dmeventd or progress polling.
[[0;32m  OK  [0m] Started Remount Root and Kernel File Systems.
[[0;32m  OK  [0m] Started udev Coldplug all Devices.
         Starting Flush Journal to Persistent Storage...
         Starting Initial cloud-init job (pre-networking)...
[   14.916983] iscsi: registered transport (iser)
         Starting Load/Save Random Seed...
         Starting udev Kernel Device Manager...
[[0;32m  OK  [0m] Started Load Kernel Modules.
[[0;32m  OK  [0m] Started Set the console keyboard layout.
[[0;32m  OK  [0m] Started Load/Save Random Seed.
[[0;32m  OK  [0m] Reached target Local File Systems (Pre).
[[0;32m  OK  [0m] Reached target Local File Systems.
         Starting Tell Plymouth To Write Out Runtime Data...
         Starting ebtables ruleset management...
         Starting AppArmor initialization...
         Starting Set console font and keymap...
         Mounting Kernel Configuration File System...
         [   15.706335] random: crng init done
[   15.707582] random: 7 urandom warning(s) missed due to ratelimiting
Mounting FUSE Control File System...
         Starting Apply Kernel Variables...
[[0;32m  OK  [0m] Mounted Kernel Configuration File System.
[[0;32m  OK  [0m] Mounted FUSE Control File System.
[[0;32m  OK  [0m] Started udev Kernel Device Manager.
[[0;32m  OK  [0m] Started Dispatch Password Requests to Console Directory Watch.
[   15.733522] systemd-journald[398]: Received request to flush runtime journal from PID 1
[[0;32m  OK  [0m] Reached target Local Encrypted Volumes.
[[0;32m  OK  [0m] Started Tell Plymouth To Write Out Runtime Data.
[[0;32m  OK  [0m] Started Set console font and keymap.
[[0;32m  OK  [0m] Started Apply Kernel Variables.
[[0;32m  OK  [0m] Found device /dev/ttyS0.
[[0;32m  OK  [0m] Listening on Load/Save RF Kill Switch Status /dev/rfkill Watch.
[[0;32m  OK  [0m] Started ebtables ruleset management.
[[0;32m  OK  [0m] Started Flush Journal to Persistent Storage.
         Starting Create Volatile Files and Directories...
[[0;32m  OK  [0m] Started Create Volatile Files and Directories.
         Starting Update UTMP about System Boot/Shutdown...
[[0;32m  OK  [0m] Started Update UTMP about System Boot/Shutdown.
[[0;32m  OK  [0m] Started AppArmor initialization.
[   17.303769] cloud-init[415]: Cloud-init v. 18.4-0ubuntu1~18.04.1 running 'init-local' at Sun, 02 Jun 2019 22:44:41 +0000. Up 17.13 seconds.
[[0;32m  OK  [0m] Started Initial cloud-init job (pre-networking).
[[0;32m  OK  [0m] Reached target Network (Pre).
         Starting Network Service...
[[0;32m  OK  [0m] Started Network Service.
         Starting Network Name Resolution...
         Starting Wait for Network to be Configured...
[[0;32m  OK  [0m] Started Network Name Resolution.
[[0;32m  OK  [0m] Reached target Network.
[[0;32m  OK  [0m] Reached target Host and Network Name Lookups.
[[0;32m  OK  [0m] Started Wait for Network to be Configured.
         Starting Initial cloud-init job (metadata service crawler)...
[   19.518102] cloud-init[712]: Cloud-init v. 18.4-0ubuntu1~18.04.1 running 'init' at Sun, 02 Jun 2019 22:44:44 +0000. Up 19.38 seconds.
[   19.523405] cloud-init[712]: ci-info: ++++++++++++++++++++++++++++++++++++++Net device info+++++++++++++++++++++++++++++++++++++++
[   19.528017] cloud-init[712]: ci-info: +--------+------+-----------------------------+---------------+--------+-------------------+
[   19.533516] cloud-init[712]: ci-info: | Device |  Up  |           Address           |      Mask     | Scope  |     Hw-Address    |
[   19.537765] cloud-init[712]: ci-info: +--------+------+-----------------------------+---------------+--------+-------------------+
[   19.542927] cloud-init[712]: ci-info: | enp0s3 | True |          10.0.2.15          | 255.255.255.0 | global | 02:2f:73:ea:27:92 |
[   19.547281] cloud-init[712]: ci-info: | enp0s3 | True |  fe80::2f:73ff:feea:2792/64 |       .       |  link  | 02:2f:73:ea:27:92 |
[   19.551804] cloud-init[712]: ci-info: | enp0s8 | True |        192.168.33.10        | 255.255.255.0 | global | 08:00:27:af:f0:b5 |
[   19.556020] cloud-init[712]: ci-info: | enp0s8 | True | fe80::a00:27ff:feaf:f0b5/64 |       .       |  link  | 08:00:27:af:f0:b5 |
[   19.574247] cloud-init[712]: ci-info: |   lo   | True |          127.0.0.1          |   255.0.0.0   |  host  |         .         |
[   19.577117] cloud-init[712]: ci-info: |   lo   | True |           ::1/128           |       .       |  host  |         .         |
[   19.583595] cloud-init[712]: ci-info: +--------+------+-----------------------------+---------------+--------+-------------------+
[   19.586163] cloud-init[712]: ci-info: +++++++++++++++++++++++++++++Route IPv4 info+++++++++++++++++++++++++++++
[   19.588419] cloud-init[712]: ci-info: +-------+--------------+----------+-----------------+-----------+-------+
[   19.590696] cloud-init[712]: ci-info: | Route | Destination  | Gateway  |     Genmask     | Interface | Flags |
[   19.604593] cloud-init[712]: ci-info: +-------+--------------+----------+-----------------+-----------+-------+
[   19.608198] cloud-init[712]: ci-info: |   0   |   0.0.0.0    | 10.0.2.2 |     0.0.0.0     |   enp0s3  |   UG  |
[   19.611979] cloud-init[712]: ci-info: |   1   |   10.0.2.0   | 0.0.0.0  |  255.255.255.0  |   enp0s3  |   U   |
[   19.615372] cloud-init[712]: ci-info: |   2   |   10.0.2.2   | 0.0.0.0  | 255.255.255.255 |   enp0s3  |   UH  |
[   19.619501] cloud-init[712]: ci-info: |   3   | 192.168.33.0 | 0.0.0.0  |  255.255.255.0  |   enp0s8  |   U   |
[   19.623084] cloud-init[712]: ci-info: +-------+--------------+----------+-----------------+-----------+-------+
[   19.626229] cloud-init[712]: ci-info: +++++++++++++++++++Route IPv6 info+++++++++++++++++++
[   19.628608] cloud-init[712]: ci-info: +-------+-------------+---------+-----------+-------+
[   19.630920] cloud-init[712]: ci-info: | Route | Destination | Gateway | Interface | Flags |
[   19.633184] cloud-init[712]: ci-info: +-------+-------------+---------+-----------+-------+
[   19.635652] cloud-init[712]: ci-info: |   1   |  fe80::/64  |    ::   |   enp0s3  |   U   |
[   19.638236] cloud-init[712]: ci-info: |   2   |  fe80::/64  |    ::   |   enp0s8  |   U   |
[   19.640686] cloud-init[712]: ci-info: |   4   |    local    |    ::   |   enp0s3  |   U   |
[   19.647857] cloud-init[712]: ci-info: |   5   |    local    |    ::   |   enp0s8  |   U   |
[   19.651409] cloud-init[712]: ci-info: |   6   |   ff00::/8  |    ::   |   enp0s3  |   U   |
[   19.654222] cloud-init[712]: ci-info: |   7   |   ff00::/8  |    ::   |   enp0s8  |   U   |
[   19.657469] cloud-init[712]: ci-info: +-------+-------------+---------+-----------+-------+
[[0;32m  OK  [0m] Started Initial cloud-init job (metadata service crawler).
[[0;32m  OK  [0m] Reached target Cloud-config availability.
[[0;32m  OK  [0m] Reached target Network is Online.
[[0;32m  OK  [0m] Reached target Remote File Systems (Pre).
[[0;32m  OK  [0m] Reached target Remote File Systems.
         Starting Availability of block devices...
[[0;32m  OK  [0m] Reached target System Initialization.
[[0;32m  OK  [0m] Listening on D-Bus System Message Bus Socket.
[[0;32m  OK  [0m] Started ACPI Events Check.
[[0;32m  OK  [0m] Reached target Paths.
[[0;32m  OK  [0m] Started Discard unused blocks once a week.
[[0;32m  OK  [0m] Listening on UUID daemon activation socket.
[[0;32m  OK  [0m] Started Message of the Day.
[[0;32m  OK  [0m] Started Daily Cleanup of Temporary Directories.
         Starting Socket activation for snappy daemon.
[[0;32m  OK  [0m] Listening on Open-iSCSI iscsid Socket.
[[0;32m  OK  [0m] Started Daily apt download activities.
[[0;32m  OK  [0m] Started Daily apt upgrade and clean activities.
[[0;32m  OK  [0m] Reached target Timers.
[[0;32m  OK  [0m] Listening on ACPID Listen Socket.
         Starting LXD - unix socket.
[[0;32m  OK  [0m] Started Availability of block devices.
[[0;32m  OK  [0m] Listening on Socket activation for snappy daemon.
[[0;32m  OK  [0m] Listening on LXD - unix socket.
[[0;32m  OK  [0m] Reached target Sockets.
[[0;32m  OK  [0m] Reached target Basic System.
         Starting Login Service...
         Starting System Logging Service...
         Starting Permit User Sessions...
         Starting Accounts Service...
         Starting Snappy daemon...
         Starting Dispatcher daemon for systemd-networkd...
[[0;32m  OK  [0m] Started irqbalance daemon.
         Starting LSB: Record successful boot for GRUB...
         Starting vboxadd.service...
[[0;32m  OK  [0m] Started FUSE filesystem for LXC.
[[0;32m  OK  [0m] Started D-Bus System Message Bus.
         Starting LSB: automatic crash report generation...
         Starting LXD - container startup/shutdown...
[[0;32m  OK  [0m] Started Deferred execution scheduler.
         Starting OpenBSD Secure Shell server...
[[0;32m  OK  [0m] Started Regular background program processing daemon.
[[0;32m  OK  [0m] Started System Logging Service.
[[0;32m  OK  [0m] Started Snappy daemon.
[[0;32m  OK  [0m] Started Permit User Sessions.
[[0;32m  OK  [0m] Started Login Service.
         Starting Authorization Manager...
[[0;32m  OK  [0m] Started Unattended Upgrades Shutdown.
         Starting Hold until boot process finishes up...
         Starting Terminate Plymouth Boot Screen...
         Starting Wait until snapd is fully seeded...
[[0;32m  OK  [0m] Started Dispatcher daemon for systemd-networkd.
[[0;32m  OK  [0m] Started Hold until boot process finishes up.
[[0;32m  OK  [0m] Started Terminate Plymouth Boot Screen.
         Starting Set console scheme...
[[0;32m  OK  [0m] Started Serial Getty on ttyS0.
[[0;32m  OK  [0m] Started LXD - container startup/shutdown.
[[0;32m  OK  [0m] Started Set console scheme.
[[0;32m  OK  [0m] Created slice system-getty.slice.
[[0;32m  OK  [0m] Started Getty on tty1.
[[0;32m  OK  [0m] Reached target Login Prompts.
[[0;32m  OK  [0m] Started LSB: Record successful boot for GRUB.
[[0;32m  OK  [0m] Started OpenBSD Secure Shell server.
[[0;32m  OK  [0m] Started LSB: automatic crash report generation.
[[0;32m  OK  [0m] Started Wait until snapd is fully seeded.
         Starting Apply the settings specified in cloud-config...
[[0;32m  OK  [0m] Started Authorization Manager.
[[0;32m  OK  [0m] Started Accounts Service.
[[0;32m  OK  [0m] Started vboxadd.service.
         Starting vboxadd-service.service...
[[0;32m  OK  [0m] Started vboxadd-service.service.
[[0;32m  OK  [0m] Created slice User Slice of vagrant.
[[0;32m  OK  [0m] Reached target Multi-User System.
[[0;32m  OK  [0m] Reached target Graphical Interface.
         Starting Update UTMP about System Runlevel Changes...
[[0;32m  OK  [0m] Started Session 1 of user vagrant.
         Starting User Manager for UID 1000...
[[0;32m  OK  [0m] Started Update UTMP about System Runlevel Changes.
[[0;32m  OK  [0m] Started User Manager for UID 1000.
[   21.251807] cloud-init[1122]: Cloud-init v. 18.4-0ubuntu1~18.04.1 running 'modules:config' at Sun, 02 Jun 2019 22:44:45 +0000. Up 21.10 seconds.
[[0;32m  OK  [0m] Started Apply the settings specified in cloud-config.
         Starting Execute cloud user/final scripts...
[   21.728050] cloud-init[1262]: Cloud-init v. 18.4-0ubuntu1~18.04.1 running 'modules:final' at Sun, 02 Jun 2019 22:44:46 +0000. Up 21.62 seconds.
[[   21.856476] cloud-init[1262]: Cloud-init v. 18.4-0ubuntu1~18.04.1 finished at Sun, 02 Jun 2019 22:44:46 +0000. Datasource DataSourceNoCloud [seed=/dev/sdb][dsmode=net].  Up 21.72 seconds
[0;32m  OK  [0m] Started Execute cloud user/final scripts.
[[0;32m  OK  [0m] Reached target Cloud-init target.

Ubuntu 18.04.1 LTS ubuntu-bionic ttyS0

ubuntu-bionic login: 